2026-07-17 00:41:14 [ERROR]: uncaughtException: notifySubscribers is not defined
ReferenceError: notifySubscribers is not defined
    at Object.<anonymous> (C:\GitHub\Working-GitHub\AnilBlogs\backend\src\controllers\blogController.js:432:3)
    at Module._compile (node:internal/modules/cjs/loader:1706:14)
    at Object..js (node:internal/modules/cjs/loader:1839:10)
    at Module.load (node:internal/modules/cjs/loader:1441:32)
    at Function._load (node:internal/modules/cjs/loader:1263:12)
    at TracingChannel.traceSync (node:diagnostics_channel:322:14)
    at wrapModuleLoad (node:internal/modules/cjs/loader:237:24)
    at Module.require (node:internal/modules/cjs/loader:1463:12)
    at require (node:internal/modules/helpers:147:16)
    at Object.<anonymous> (C:\GitHub\Working-GitHub\AnilBlogs\backend\src\routes\blogRoutes.js:8:5)
ReferenceError: notifySubscribers is not defined
    at Object.<anonymous> (C:\GitHub\Working-GitHub\AnilBlogs\backend\src\controllers\blogController.js:432:3)
    at Module._compile (node:internal/modules/cjs/loader:1706:14)
    at Object..js (node:internal/modules/cjs/loader:1839:10)
    at Module.load (node:internal/modules/cjs/loader:1441:32)
    at Function._load (node:internal/modules/cjs/loader:1263:12)
    at TracingChannel.traceSync (node:diagnostics_channel:322:14)
    at wrapModuleLoad (node:internal/modules/cjs/loader:237:24)
    at Module.require (node:internal/modules/cjs/loader:1463:12)
    at require (node:internal/modules/helpers:147:16)
    at Object.<anonymous> (C:\GitHub\Working-GitHub\AnilBlogs\backend\src\routes\blogRoutes.js:8:5)
{
  "error": {},
  "exception": true,
  "date": "Fri Jul 17 2026 00:41:14 GMT+0530 (India Standard Time)",
  "process": {
    "pid": 8608,
    "uid": null,
    "gid": null,
    "cwd": "C:\\GitHub\\Working-GitHub\\AnilBlogs\\backend",
    "execPath": "C:\\Program Files\\nodejs\\node.exe",
    "version": "v22.20.0",
    "argv": [
      "C:\\Program Files\\nodejs\\node.exe",
      "C:\\GitHub\\Working-GitHub\\AnilBlogs\\backend\\server.js"
    ],
    "memoryUsage": {
      "rss": 99127296,
      "heapTotal": 66437120,
      "heapUsed": 36451336,
      "external": 20765790,
      "arrayBuffers": 18264484
    }
  },
  "os": {
    "loadavg": [
      0,
      0,
      0
    ],
    "uptime": 4524.406
  },
  "trace": [
    {
      "column": 3,
      "file": "C:\\GitHub\\Working-GitHub\\AnilBlogs\\backend\\src\\controllers\\blogController.js",
      "function": null,
      "line": 432,
      "method": null,
      "native": false
    },
    {
      "column": 14,
      "file": "node:internal/modules/cjs/loader",
      "function": "Module._compile",
      "line": 1706,
      "method": "_compile",
      "native": false
    },
    {
      "column": 10,
      "file": "node:internal/modules/cjs/loader",
      "function": "Object..js",
      "line": 1839,
      "method": ".js",
      "native": false
    },
    {
      "column": 32,
      "file": "node:internal/modules/cjs/loader",
      "function": "Module.load",
      "line": 1441,
      "method": "load",
      "native": false
    },
    {
      "column": 12,
      "file": "node:internal/modules/cjs/loader",
      "function": "Function._load",
      "line": 1263,
      "method": "_load",
      "native": false
    },
    {
      "column": 14,
      "file": "node:diagnostics_channel",
      "function": "TracingChannel.traceSync",
      "line": 322,
      "method": "traceSync",
      "native": false
    },
    {
      "column": 24,
      "file": "node:internal/modules/cjs/loader",
      "function": "wrapModuleLoad",
      "line": 237,
      "method": null,
      "native": false
    },
    {
      "column": 12,
      "file": "node:internal/modules/cjs/loader",
      "function": "Module.require",
      "line": 1463,
      "method": "require",
      "native": false
    },
    {
      "column": 16,
      "file": "node:internal/modules/helpers",
      "function": "require",
      "line": 147,
      "method": null,
      "native": false
    },
    {
      "column": 5,
      "file": "C:\\GitHub\\Working-GitHub\\AnilBlogs\\backend\\src\\routes\\blogRoutes.js",
      "function": null,
      "line": 8,
      "method": null,
      "native": false
    }
  ]
}
2026-07-17 00:42:06 [ERROR]: uncaughtException: notifySubscribers is not defined
ReferenceError: notifySubscribers is not defined
    at Object.<anonymous> (C:\GitHub\Working-GitHub\AnilBlogs\backend\src\controllers\blogController.js:432:3)
    at Module._compile (node:internal/modules/cjs/loader:1706:14)
    at Object..js (node:internal/modules/cjs/loader:1839:10)
    at Module.load (node:internal/modules/cjs/loader:1441:32)
    at Function._load (node:internal/modules/cjs/loader:1263:12)
    at TracingChannel.traceSync (node:diagnostics_channel:322:14)
    at wrapModuleLoad (node:internal/modules/cjs/loader:237:24)
    at Module.require (node:internal/modules/cjs/loader:1463:12)
    at require (node:internal/modules/helpers:147:16)
    at Object.<anonymous> (C:\GitHub\Working-GitHub\AnilBlogs\backend\src\routes\blogRoutes.js:8:5)
ReferenceError: notifySubscribers is not defined
    at Object.<anonymous> (C:\GitHub\Working-GitHub\AnilBlogs\backend\src\controllers\blogController.js:432:3)
    at Module._compile (node:internal/modules/cjs/loader:1706:14)
    at Object..js (node:internal/modules/cjs/loader:1839:10)
    at Module.load (node:internal/modules/cjs/loader:1441:32)
    at Function._load (node:internal/modules/cjs/loader:1263:12)
    at TracingChannel.traceSync (node:diagnostics_channel:322:14)
    at wrapModuleLoad (node:internal/modules/cjs/loader:237:24)
    at Module.require (node:internal/modules/cjs/loader:1463:12)
    at require (node:internal/modules/helpers:147:16)
    at Object.<anonymous> (C:\GitHub\Working-GitHub\AnilBlogs\backend\src\routes\blogRoutes.js:8:5)
{
  "error": {},
  "exception": true,
  "date": "Fri Jul 17 2026 00:42:06 GMT+0530 (India Standard Time)",
  "process": {
    "pid": 14256,
    "uid": null,
    "gid": null,
    "cwd": "C:\\GitHub\\Working-GitHub\\AnilBlogs\\backend",
    "execPath": "C:\\Program Files\\nodejs\\node.exe",
    "version": "v22.20.0",
    "argv": [
      "C:\\Program Files\\nodejs\\node.exe",
      "C:\\GitHub\\Working-GitHub\\AnilBlogs\\backend\\server.js"
    ],
    "memoryUsage": {
      "rss": 98168832,
      "heapTotal": 65388544,
      "heapUsed": 38622768,
      "external": 20765790,
      "arrayBuffers": 18264484
    }
  },
  "os": {
    "loadavg": [
      0,
      0,
      0
    ],
    "uptime": 4576.156
  },
  "trace": [
    {
      "column": 3,
      "file": "C:\\GitHub\\Working-GitHub\\AnilBlogs\\backend\\src\\controllers\\blogController.js",
      "function": null,
      "line": 432,
      "method": null,
      "native": false
    },
    {
      "column": 14,
      "file": "node:internal/modules/cjs/loader",
      "function": "Module._compile",
      "line": 1706,
      "method": "_compile",
      "native": false
    },
    {
      "column": 10,
      "file": "node:internal/modules/cjs/loader",
      "function": "Object..js",
      "line": 1839,
      "method": ".js",
      "native": false
    },
    {
      "column": 32,
      "file": "node:internal/modules/cjs/loader",
      "function": "Module.load",
      "line": 1441,
      "method": "load",
      "native": false
    },
    {
      "column": 12,
      "file": "node:internal/modules/cjs/loader",
      "function": "Function._load",
      "line": 1263,
      "method": "_load",
      "native": false
    },
    {
      "column": 14,
      "file": "node:diagnostics_channel",
      "function": "TracingChannel.traceSync",
      "line": 322,
      "method": "traceSync",
      "native": false
    },
    {
      "column": 24,
      "file": "node:internal/modules/cjs/loader",
      "function": "wrapModuleLoad",
      "line": 237,
      "method": null,
      "native": false
    },
    {
      "column": 12,
      "file": "node:internal/modules/cjs/loader",
      "function": "Module.require",
      "line": 1463,
      "method": "require",
      "native": false
    },
    {
      "column": 16,
      "file": "node:internal/modules/helpers",
      "function": "require",
      "line": 147,
      "method": null,
      "native": false
    },
    {
      "column": 5,
      "file": "C:\\GitHub\\Working-GitHub\\AnilBlogs\\backend\\src\\routes\\blogRoutes.js",
      "function": null,
      "line": 8,
      "method": null,
      "native": false
    }
  ]
}
2026-07-17 00:42:35 [ERROR]: uncaughtException: notifySubscribers is not defined
ReferenceError: notifySubscribers is not defined
    at Object.<anonymous> (C:\GitHub\Working-GitHub\AnilBlogs\backend\src\controllers\blogController.js:432:3)
    at Module._compile (node:internal/modules/cjs/loader:1706:14)
    at Object..js (node:internal/modules/cjs/loader:1839:10)
    at Module.load (node:internal/modules/cjs/loader:1441:32)
    at Function._load (node:internal/modules/cjs/loader:1263:12)
    at TracingChannel.traceSync (node:diagnostics_channel:322:14)
    at wrapModuleLoad (node:internal/modules/cjs/loader:237:24)
    at Module.require (node:internal/modules/cjs/loader:1463:12)
    at require (node:internal/modules/helpers:147:16)
    at Object.<anonymous> (C:\GitHub\Working-GitHub\AnilBlogs\backend\src\routes\blogRoutes.js:8:5)
ReferenceError: notifySubscribers is not defined
    at Object.<anonymous> (C:\GitHub\Working-GitHub\AnilBlogs\backend\src\controllers\blogController.js:432:3)
    at Module._compile (node:internal/modules/cjs/loader:1706:14)
    at Object..js (node:internal/modules/cjs/loader:1839:10)
    at Module.load (node:internal/modules/cjs/loader:1441:32)
    at Function._load (node:internal/modules/cjs/loader:1263:12)
    at TracingChannel.traceSync (node:diagnostics_channel:322:14)
    at wrapModuleLoad (node:internal/modules/cjs/loader:237:24)
    at Module.require (node:internal/modules/cjs/loader:1463:12)
    at require (node:internal/modules/helpers:147:16)
    at Object.<anonymous> (C:\GitHub\Working-GitHub\AnilBlogs\backend\src\routes\blogRoutes.js:8:5)
{
  "error": {},
  "exception": true,
  "date": "Fri Jul 17 2026 00:42:35 GMT+0530 (India Standard Time)",
  "process": {
    "pid": 13068,
    "uid": null,
    "gid": null,
    "cwd": "C:\\GitHub\\Working-GitHub\\AnilBlogs\\backend",
    "execPath": "C:\\Program Files\\nodejs\\node.exe",
    "version": "v22.20.0",
    "argv": [
      "C:\\Program Files\\nodejs\\node.exe",
      "C:\\GitHub\\Working-GitHub\\AnilBlogs\\backend\\server.js"
    ],
    "memoryUsage": {
      "rss": 96759808,
      "heapTotal": 64602112,
      "heapUsed": 38760480,
      "external": 20662091,
      "arrayBuffers": 18264484
    }
  },
  "os": {
    "loadavg": [
      0,
      0,
      0
    ],
    "uptime": 4605.14
  },
  "trace": [
    {
      "column": 3,
      "file": "C:\\GitHub\\Working-GitHub\\AnilBlogs\\backend\\src\\controllers\\blogController.js",
      "function": null,
      "line": 432,
      "method": null,
      "native": false
    },
    {
      "column": 14,
      "file": "node:internal/modules/cjs/loader",
      "function": "Module._compile",
      "line": 1706,
      "method": "_compile",
      "native": false
    },
    {
      "column": 10,
      "file": "node:internal/modules/cjs/loader",
      "function": "Object..js",
      "line": 1839,
      "method": ".js",
      "native": false
    },
    {
      "column": 32,
      "file": "node:internal/modules/cjs/loader",
      "function": "Module.load",
      "line": 1441,
      "method": "load",
      "native": false
    },
    {
      "column": 12,
      "file": "node:internal/modules/cjs/loader",
      "function": "Function._load",
      "line": 1263,
      "method": "_load",
      "native": false
    },
    {
      "column": 14,
      "file": "node:diagnostics_channel",
      "function": "TracingChannel.traceSync",
      "line": 322,
      "method": "traceSync",
      "native": false
    },
    {
      "column": 24,
      "file": "node:internal/modules/cjs/loader",
      "function": "wrapModuleLoad",
      "line": 237,
      "method": null,
      "native": false
    },
    {
      "column": 12,
      "file": "node:internal/modules/cjs/loader",
      "function": "Module.require",
      "line": 1463,
      "method": "require",
      "native": false
    },
    {
      "column": 16,
      "file": "node:internal/modules/helpers",
      "function": "require",
      "line": 147,
      "method": null,
      "native": false
    },
    {
      "column": 5,
      "file": "C:\\GitHub\\Working-GitHub\\AnilBlogs\\backend\\src\\routes\\blogRoutes.js",
      "function": null,
      "line": 8,
      "method": null,
      "native": false
    }
  ]
}
2026-07-17 00:44:56 [ERROR]: uncaughtException: notifySubscribers is not defined
ReferenceError: notifySubscribers is not defined
    at Object.<anonymous> (C:\GitHub\Working-GitHub\AnilBlogs\backend\src\controllers\blogController.js:432:3)
    at Module._compile (node:internal/modules/cjs/loader:1706:14)
    at Object..js (node:internal/modules/cjs/loader:1839:10)
    at Module.load (node:internal/modules/cjs/loader:1441:32)
    at Function._load (node:internal/modules/cjs/loader:1263:12)
    at TracingChannel.traceSync (node:diagnostics_channel:322:14)
    at wrapModuleLoad (node:internal/modules/cjs/loader:237:24)
    at Module.require (node:internal/modules/cjs/loader:1463:12)
    at require (node:internal/modules/helpers:147:16)
    at Object.<anonymous> (C:\GitHub\Working-GitHub\AnilBlogs\backend\src\routes\blogRoutes.js:8:5)
ReferenceError: notifySubscribers is not defined
    at Object.<anonymous> (C:\GitHub\Working-GitHub\AnilBlogs\backend\src\controllers\blogController.js:432:3)
    at Module._compile (node:internal/modules/cjs/loader:1706:14)
    at Object..js (node:internal/modules/cjs/loader:1839:10)
    at Module.load (node:internal/modules/cjs/loader:1441:32)
    at Function._load (node:internal/modules/cjs/loader:1263:12)
    at TracingChannel.traceSync (node:diagnostics_channel:322:14)
    at wrapModuleLoad (node:internal/modules/cjs/loader:237:24)
    at Module.require (node:internal/modules/cjs/loader:1463:12)
    at require (node:internal/modules/helpers:147:16)
    at Object.<anonymous> (C:\GitHub\Working-GitHub\AnilBlogs\backend\src\routes\blogRoutes.js:8:5)
{
  "error": {},
  "exception": true,
  "date": "Fri Jul 17 2026 00:44:56 GMT+0530 (India Standard Time)",
  "process": {
    "pid": 8020,
    "uid": null,
    "gid": null,
    "cwd": "C:\\GitHub\\Working-GitHub\\AnilBlogs\\backend",
    "execPath": "C:\\Program Files\\nodejs\\node.exe",
    "version": "v22.20.0",
    "argv": [
      "C:\\Program Files\\nodejs\\node.exe",
      "C:\\GitHub\\Working-GitHub\\AnilBlogs\\backend\\server.js"
    ],
    "memoryUsage": {
      "rss": 96690176,
      "heapTotal": 64602112,
      "heapUsed": 38578848,
      "external": 20662091,
      "arrayBuffers": 18264484
    }
  },
  "os": {
    "loadavg": [
      0,
      0,
      0
    ],
    "uptime": 4746.109
  },
  "trace": [
    {
      "column": 3,
      "file": "C:\\GitHub\\Working-GitHub\\AnilBlogs\\backend\\src\\controllers\\blogController.js",
      "function": null,
      "line": 432,
      "method": null,
      "native": false
    },
    {
      "column": 14,
      "file": "node:internal/modules/cjs/loader",
      "function": "Module._compile",
      "line": 1706,
      "method": "_compile",
      "native": false
    },
    {
      "column": 10,
      "file": "node:internal/modules/cjs/loader",
      "function": "Object..js",
      "line": 1839,
      "method": ".js",
      "native": false
    },
    {
      "column": 32,
      "file": "node:internal/modules/cjs/loader",
      "function": "Module.load",
      "line": 1441,
      "method": "load",
      "native": false
    },
    {
      "column": 12,
      "file": "node:internal/modules/cjs/loader",
      "function": "Function._load",
      "line": 1263,
      "method": "_load",
      "native": false
    },
    {
      "column": 14,
      "file": "node:diagnostics_channel",
      "function": "TracingChannel.traceSync",
      "line": 322,
      "method": "traceSync",
      "native": false
    },
    {
      "column": 24,
      "file": "node:internal/modules/cjs/loader",
      "function": "wrapModuleLoad",
      "line": 237,
      "method": null,
      "native": false
    },
    {
      "column": 12,
      "file": "node:internal/modules/cjs/loader",
      "function": "Module.require",
      "line": 1463,
      "method": "require",
      "native": false
    },
    {
      "column": 16,
      "file": "node:internal/modules/helpers",
      "function": "require",
      "line": 147,
      "method": null,
      "native": false
    },
    {
      "column": 5,
      "file": "C:\\GitHub\\Working-GitHub\\AnilBlogs\\backend\\src\\routes\\blogRoutes.js",
      "function": null,
      "line": 8,
      "method": null,
      "native": false
    }
  ]
}
2026-07-17 00:46:50 [ERROR]: uncaughtException: Cannot find module 'cloudinary'
Require stack:
- C:\GitHub\Working-GitHub\AnilBlogs\backend\src\config\cloudinary.js
- C:\GitHub\Working-GitHub\AnilBlogs\backend\src\controllers\mediaController.js
- C:\GitHub\Working-GitHub\AnilBlogs\backend\src\routes\mediaRoutes.js
- C:\GitHub\Working-GitHub\AnilBlogs\backend\src\routes\index.js
- C:\GitHub\Working-GitHub\AnilBlogs\backend\src\app.js
- C:\GitHub\Working-GitHub\AnilBlogs\backend\server.js
Error: Cannot find module 'cloudinary'
Require stack:
- C:\GitHub\Working-GitHub\AnilBlogs\backend\src\config\cloudinary.js
- C:\GitHub\Working-GitHub\AnilBlogs\backend\src\controllers\mediaController.js
- C:\GitHub\Working-GitHub\AnilBlogs\backend\src\routes\mediaRoutes.js
- C:\GitHub\Working-GitHub\AnilBlogs\backend\src\routes\index.js
- C:\GitHub\Working-GitHub\AnilBlogs\backend\src\app.js
- C:\GitHub\Working-GitHub\AnilBlogs\backend\server.js
    at Function._resolveFilename (node:internal/modules/cjs/loader:1383:15)
    at defaultResolveImpl (node:internal/modules/cjs/loader:1025:19)
    at resolveForCJSWithHooks (node:internal/modules/cjs/loader:1030:22)
    at Function._load (node:internal/modules/cjs/loader:1192:37)
    at TracingChannel.traceSync (node:diagnostics_channel:322:14)
    at wrapModuleLoad (node:internal/modules/cjs/loader:237:24)
    at Module.require (node:internal/modules/cjs/loader:1463:12)
    at require (node:internal/modules/helpers:147:16)
    at Object.<anonymous> (C:\GitHub\Working-GitHub\AnilBlogs\backend\src\config\cloudinary.js:1:20)
    at Module._compile (node:internal/modules/cjs/loader:1706:14)
Error: Cannot find module 'cloudinary'
Require stack:
- C:\GitHub\Working-GitHub\AnilBlogs\backend\src\config\cloudinary.js
- C:\GitHub\Working-GitHub\AnilBlogs\backend\src\controllers\mediaController.js
- C:\GitHub\Working-GitHub\AnilBlogs\backend\src\routes\mediaRoutes.js
- C:\GitHub\Working-GitHub\AnilBlogs\backend\src\routes\index.js
- C:\GitHub\Working-GitHub\AnilBlogs\backend\src\app.js
- C:\GitHub\Working-GitHub\AnilBlogs\backend\server.js
    at Function._resolveFilename (node:internal/modules/cjs/loader:1383:15)
    at defaultResolveImpl (node:internal/modules/cjs/loader:1025:19)
    at resolveForCJSWithHooks (node:internal/modules/cjs/loader:1030:22)
    at Function._load (node:internal/modules/cjs/loader:1192:37)
    at TracingChannel.traceSync (node:diagnostics_channel:322:14)
    at wrapModuleLoad (node:internal/modules/cjs/loader:237:24)
    at Module.require (node:internal/modules/cjs/loader:1463:12)
    at require (node:internal/modules/helpers:147:16)
    at Object.<anonymous> (C:\GitHub\Working-GitHub\AnilBlogs\backend\src\config\cloudinary.js:1:20)
    at Module._compile (node:internal/modules/cjs/loader:1706:14)
{
  "error": {
    "code": "MODULE_NOT_FOUND",
    "requireStack": [
      "C:\\GitHub\\Working-GitHub\\AnilBlogs\\backend\\src\\config\\cloudinary.js",
      "C:\\GitHub\\Working-GitHub\\AnilBlogs\\backend\\src\\controllers\\mediaController.js",
      "C:\\GitHub\\Working-GitHub\\AnilBlogs\\backend\\src\\routes\\mediaRoutes.js",
      "C:\\GitHub\\Working-GitHub\\AnilBlogs\\backend\\src\\routes\\index.js",
      "C:\\GitHub\\Working-GitHub\\AnilBlogs\\backend\\src\\app.js",
      "C:\\GitHub\\Working-GitHub\\AnilBlogs\\backend\\server.js"
    ]
  },
  "exception": true,
  "date": "Fri Jul 17 2026 00:46:50 GMT+0530 (India Standard Time)",
  "process": {
    "pid": 15944,
    "uid": null,
    "gid": null,
    "cwd": "C:\\GitHub\\Working-GitHub\\AnilBlogs\\backend",
    "execPath": "C:\\Program Files\\nodejs\\node.exe",
    "version": "v22.20.0",
    "argv": [
      "C:\\Program Files\\nodejs\\node.exe",
      "C:\\GitHub\\Working-GitHub\\AnilBlogs\\backend\\server.js"
    ],
    "memoryUsage": {
      "rss": 101646336,
      "heapTotal": 65388544,
      "heapUsed": 43008576,
      "external": 20662603,
      "arrayBuffers": 18264996
    }
  },
  "os": {
    "loadavg": [
      0,
      0,
      0
    ],
    "uptime": 4860.14
  },
  "trace": [
    {
      "column": 15,
      "file": "node:internal/modules/cjs/loader",
      "function": "Function._resolveFilename",
      "line": 1383,
      "method": "_resolveFilename",
      "native": false
    },
    {
      "column": 19,
      "file": "node:internal/modules/cjs/loader",
      "function": "defaultResolveImpl",
      "line": 1025,
      "method": null,
      "native": false
    },
    {
      "column": 22,
      "file": "node:internal/modules/cjs/loader",
      "function": "resolveForCJSWithHooks",
      "line": 1030,
      "method": null,
      "native": false
    },
    {
      "column": 37,
      "file": "node:internal/modules/cjs/loader",
      "function": "Function._load",
      "line": 1192,
      "method": "_load",
      "native": false
    },
    {
      "column": 14,
      "file": "node:diagnostics_channel",
      "function": "TracingChannel.traceSync",
      "line": 322,
      "method": "traceSync",
      "native": false
    },
    {
      "column": 24,
      "file": "node:internal/modules/cjs/loader",
      "function": "wrapModuleLoad",
      "line": 237,
      "method": null,
      "native": false
    },
    {
      "column": 12,
      "file": "node:internal/modules/cjs/loader",
      "function": "Module.require",
      "line": 1463,
      "method": "require",
      "native": false
    },
    {
      "column": 16,
      "file": "node:internal/modules/helpers",
      "function": "require",
      "line": 147,
      "method": null,
      "native": false
    },
    {
      "column": 20,
      "file": "C:\\GitHub\\Working-GitHub\\AnilBlogs\\backend\\src\\config\\cloudinary.js",
      "function": null,
      "line": 1,
      "method": null,
      "native": false
    },
    {
      "column": 14,
      "file": "node:internal/modules/cjs/loader",
      "function": "Module._compile",
      "line": 1706,
      "method": "_compile",
      "native": false
    }
  ]
}
