2026-07-17 10:43:54 [INFO]: 🚀 Logger initialized in development mode
2026-07-17 10:43:56 [INFO]: ✅ Email service initialized
2026-07-17 10:43:56 [INFO]: ℹ️  Redis is disabled in environment variables
2026-07-17 10:43:56 [WARN]: Swagger documentation not available
2026-07-17 10:43:56 [INFO]: 🚀 Starting server initialization...
2026-07-17 10:43:56 [INFO]: 📡 Connecting to MongoDB...
2026-07-17 10:43:56 [INFO]: 📡 Connecting to MongoDB...
2026-07-17 10:43:56 [INFO]: ℹ️  Redis not enabled
2026-07-17 10:43:59 [INFO]: ✅ MongoDB Connected: ac-bvbe5cs-shard-00-00.hn8yafj.mongodb.net
2026-07-17 10:43:59 [INFO]:    Database: personal_blog_db
2026-07-17 10:43:59 [INFO]:    Connection Pool Size: default
2026-07-17 10:43:59 [INFO]: ℹ️  Admin user already exists. Skipping seeding.
2026-07-17 10:43:59 [INFO]: ✅ MongoDB connected successfully
2026-07-17 10:43:59 [INFO]: ℹ️ Redis is disabled. Skipping Redis connection...
2026-07-17 10:43:59 [INFO]: 📡 Connecting to MEGA.nz...
2026-07-17 10:43:59 [INFO]: 📡 Connecting to MEGA.nz... (attempt 1)
2026-07-17 10:44:01 [INFO]: ✅ MEGA.nz connected successfully
2026-07-17 10:44:01 [INFO]: ✅ MEGA folder ready: blogs (GKwXxCYS)
2026-07-17 10:44:01 [INFO]: ✅ MEGA.nz connected successfully
2026-07-17 10:44:01 [INFO]: 📡 Starting server on port 7800...
2026-07-17 10:44:01 [INFO]: ========================================
2026-07-17 10:44:01 [INFO]: ✅ Server is running on port 7800
2026-07-17 10:44:01 [INFO]: 🌍 Environment: development
2026-07-17 10:44:01 [INFO]: 🔗 URL: http://localhost:7800
2026-07-17 10:44:01 [INFO]: 📚 API Docs: http://localhost:7800/api-docs
2026-07-17 10:44:01 [INFO]: 💚 Health Check: http://localhost:7800/health
2026-07-17 10:44:01 [INFO]: ========================================
2026-07-17 10:44:01 [INFO]: 📋 Registered Routes:
2026-07-17 10:44:01 [INFO]: ✅ Server listening on port 7800
2026-07-17 10:44:17 [INFO]: 📧 Sending email to test@example.com
2026-07-17 10:44:19 [ERROR]: ❌ Email sending error: The yourdomain.com domain is not verified. Please, add and verify your domain on https://resend.com/domains
2026-07-17 10:44:19 [ERROR]: Welcome email error: Failed to send email: The yourdomain.com domain is not verified. Please, add and verify your domain on https://resend.com/domains
2026-07-17 10:44:19 [INFO]: POST /api/v1/subscribers - 201 - 1999ms
2026-07-17 10:44:39 [INFO]: ⚠️ Received SIGINT. Closing server gracefully...
